
> coolsites@2.4.0 test
> node --test --test-concurrency=1 test/*.test.js

✔ CoolSites golden path works in a real browser (36495.6805ms)
✔ a reachable URL is ok (46.1122ms)
✔ 404 and 410 are dead (22.6329ms)
✔ 401, 403 and 429 are blocked, not dead (16.8188ms)
✔ a permanent move to a different address is reported as moved (5.7784ms)
✔ a permanent redirect to the same place is not a move (4.1398ms)
✔ a temporary redirect is not a move (4.6055ms)
✔ one temporary hop makes the whole chain temporary (4.2721ms)
✔ a redirect loop is an error, not a move (13.7031ms)
✔ an unparseable Location header is an error (3.4602ms)
✔ a malformed Location the URL parser still resolves is followed (7.2102ms)
✔ a host that refuses HEAD is retried with GET (3.9625ms)
✔ 5xx and odd 4xx are errors, never dead (10.3701ms)
✔ a bot wall that 404s scripts and serves browsers is blocked, not dead (4.7656ms)
✔ a bot wall that 503s scripts is blocked, not filed as a server error (3.5484ms)
✔ a browser landing on the homepage is not proof the deep link is alive (5.2209ms)
✔ a host that answers HEAD with 404 and GET with a page is ok (2.2403ms)
✔ a redirect with no Location goes nowhere and is an error (2.0992ms)
✔ server errors and refusals are never reported as dead (10.1007ms)
✔ a long but working redirect chain resolves instead of erroring (25.3931ms)
✔ a page that is missing for everyone stays dead (5.1222ms)
✔ a dropped connection is transient, not a dead link (5.0693ms)
✔ a CDN edge failure is not a missing page (4.2157ms)
✔ a host that never answers is a timeout, not a dead link (2041.0198ms)
✔ a hostname that does not resolve is reported as dns (45.7105ms)
✔ the checker never mutates the record it was handed (4.4271ms)
✔ error classification separates TLS, DNS and timeouts (0.5876ms)
✔ destination comparison ignores www and a trailing slash but not the path (0.5618ms)
✔ destination comparison respects protocol and port, and ignores query order (5.9418ms)
✔ both pages ship the same enforced content security policy (3.5768ms)
✔ the policy grants exactly what the site needs (1.5074ms)
✔ nothing may be loaded from another origin (1.0777ms)
✔ the policy does not claim protection a meta tag cannot deliver (1.1847ms)
✔ unsafe-inline is confined to script-src and style-src (0.8497ms)
✔ it finds the icon however the page spells it (1.5229ms)
✔ it ignores links that are not icons (0.0952ms)
✔ it survives markup that is missing pieces (0.1101ms)
✔ it deduplicates and stays bounded (1.1534ms)
✔ it takes rel lists as they come (0.1487ms)
✔ the cached icons are all really images (2.4377ms)
✔ the cache holds no icon for a domain that left the directory (3.9689ms)
✔ no single icon is fat enough to matter on its own (2.2658ms)
✔ the whole cache stays inside its download budget (1.2207ms)

Recorded linkStatus and lastCheckedAt on 1 entry.

Recorded linkStatus and lastCheckedAt on 1 entry.

Refusing to keep the write: lint rejected the result, so sites.json has been restored.
sites[0] Cloudflare Speed Test.linkStatus: "imaginary" is not one of ok, moved, redirect, blocked, dead, tls, dns, timeout, error

✔ a check records its own status and date, and nothing else (101.541ms)
✔ an entry the run did not check keeps whatever it already had (82.1239ms)
✔ a run whose result the lint rejects is rolled back (81.9504ms)
✔ every recorded status is one the schema allows (0.7108ms)
✔ a checked entry says when, and an unchecked one claims nothing (0.3396ms)
✔ the page tells a bot wall apart from a broken link (1.595ms)
✔ the link-issues filter round-trips through the URL (0.3635ms)
✔ index.html has anchors this test understands (0.5914ms)
✔ index.html sends no ranking signal to a listed site (0.4099ms)
✔ collections.html has anchors this test understands (0.0732ms)
✔ collections.html sends no ranking signal to a listed site (0.0973ms)
✔ widget.js has anchors this test understands (0.0812ms)
✔ widget.js sends no ranking signal to a listed site (0.0512ms)
✔ the legacy import date is a known quantity, not a per-entry review (1.4771ms)
✔ every entry that is not left over from the import says who checked it (0.1914ms)
✔ no entry is dated in the future or reviewed before it changed (0.8379ms)
✔ the recent order is chronological where there is real chronology (7.1971ms)
✔ the feeds carry only entries with real provenance (0.5823ms)
✔ lint rejects a new entry filed under the import date (79.6328ms)
✔ lint rejects a dated entry with no review behind it (347.4129ms)
✔ lint rejects a review dated before the change it reviewed (75.7316ms)
✔ lint rejects a date in the future (136.9951ms)
✔ a project gets one entry (0.8561ms)
✔ lint rejects a second entry for a project already listed (95.168ms)
✔ lint rejects a repository that just repeats the url (127.5877ms)
✔ an entry on a source repository cannot silently claim to be closed source (85.0193ms)
✔ a source-available entry says why it is not open source (93.4553ms)
✔ a project site on github.io is not mistaken for a repository (110.8036ms)
✔ a note explaining a false openSource cannot sit on a true one (121.5241ms)
✔ the guard restores sites.json even when lint fails (1.9126ms)
✔ every tag in the vocabulary is shared by enough entries to be a facet (2.2662ms)
✔ no tag is spelled two ways (0.3384ms)
✔ nothing is both a facet and a keyword (0.5205ms)
✔ the descriptive tail was moved, not deleted (0.3641ms)
✔ lint rejects a tag that is not in the vocabulary (119.6868ms)
✔ lint rejects a vocabulary tag too few entries share (149.1014ms)
✔ lint rejects the same tag spelled two ways (96.8581ms)
✔ lint rejects a keyword that duplicates a facet (91.3603ms)
✔ lint rejects an unsorted vocabulary (83.6524ms)
✔ malformed data is reported, not thrown (79.9649ms)
✔ the guard restores both files even when lint fails (1.456ms)
✔ every theme defines the full token set (0.7874ms)
✔ text tokens clear WCAG AA on the surfaces that use them (1.0894ms)
✔ borders stay visible against their own surface (0.2318ms)
✔ directory keeps browse controls in the desktop workspace rail (0.8566ms)
✔ collections exposes a selectable focused collection workspace (0.1488ms)
ℹ tests 89
ℹ suites 0
ℹ pass 89
ℹ fail 0
ℹ cancelled 0
ℹ skipped 0
ℹ todo 0
ℹ duration_ms 53251.1276
